>>> BaseGeometry = __import__('7-base_geometry').BaseGeometry
>>> bg = BaseGeometry()

>>> bg.integer_validator("age", True)
Traceback (most recent call last):
...
TypeError: age must be an integer

>>> bg.integer_validator("age", [3])
Traceback (most recent call last):
...
TypeError: age must be an integer

>>> bg.integer_validator("age", (4,))
Traceback (most recent call last):
...
TypeError: age must be an integer

>>> bg.integer_validator("age", {3, 4})
Traceback (most recent call last):
...
TypeError: age must be an integer

>>> bg.integer_validator("age", None)
Traceback (most recent call last):
...
TypeError: age must be an integer
